// Jest Snapshot v1, https://goo.gl/fbAQLP

exports[`<cocoen-component /> should have the correct shadowDOM 1`] = `
"
      <style>
  :host {
    box-sizing: border-box;
    -moz-box-sizing: border-box;
    -webkit-box-sizing: border-box;
    cursor: pointer;
    display: block;
    overflow: hidden;
    position: relative;
    user-select: none;
    -webkit-user-select: none;
    -moz-user-select: none;
    -khtml-user-select: none;
    -ms-user-select: none;
  }

  :host *,
  :host *:after,
  :host *:before {
    box-sizing: inherit;
    -moz-box-sizing: inherit;
    -webkit-box-sizing: inherit;
  }

  #before {
    height: 100%;
    left: 0;
    overflow: hidden;
    position: absolute;
    top: 0;
    width: 50%;
  }

  :host([orientation=\\"vertical\\"]) #before {
    width: 100%;
    height: 50%;
  }

  #drag {
    background: var(--color, #fff);
    bottom: 0;
    cursor: ew-resize;
    left: 50%;
    position: absolute;
    top: 0;
    width: 2px;
    transform: translate3d(-50%, 0, 0);
  }

  :host([orientation=\\"vertical\\"]) #drag {
    height: 2px;
    left: 0;
    top: 50%;
    width: 100%;
    cursor: ns-resize;
    transform: translate3d(0, -50%, 0);
  }

  #drag:before {
    border: 3px solid var(--color, #fff);
    content: '';
    height: 30px;
    left: 50%;
    position: absolute;
    top: 50%;
    width: 14px;
    transform: translate3d(-50%, -50%, 0);
  }

  :host([orientation=\\"vertical\\"]) #drag:before {
    height: 14px;
    width: 30px;
  }

  ::slotted(img) {
    max-height: 100%;
    max-width: 100%;
    object-fit: contain;
    pointer-events: none;
  }

  ::slotted(img[slot=before]) {
    max-width: none;
  }

  :host([orientation=\\"vertical\\"]) ::slotted(img[slot=before]) {
    max-height: none;
    max-width: 100%;
  }

  ::slotted(img[slot=after]) {
    display: block;
    max-width: 100%;
    width: 100%;
  }

  :host([orientation=\\"vertical\\"]) ::slotted(img[slot=after]) {
    max-height: 100%;
    height: 100%;
  }
</style>
      <div id=\\"before\\">
        <slot name=\\"before\\"></slot>
      </div>
      <slot name=\\"after\\"></slot>
      <div id=\\"drag\\" part=\\"drag\\"></div>
    "
`;
